%% FONTMAP: CID-keyed font mapping file for dvipdfmx
%% =================================================
%%
%% Last modified: November 14, 2003
%%
%% FORMAT
%% ------
%%
%%  TFMNAME[@SFDNAME@] ENCNAME [:INDEX:][!]FONTNAME[/CSI][,VARIANT] [OPTIONS]
%%
%%
%% DESCRIPTION
%% -----------
%%
%% 1) TFMNAME[@SFDNAME@]
%%
%%    TFM name is specified in the field TFMNAME without extension (.tfm),
%%    and the subfont definition name in the field SFDNAME without
%%    extension (.sfd). For example, jbtm@UKS@ specifies the TFM names,
%%    jbtm01 - jbtm35, used in the CJK package.
%%
%% 2) ENCNAME
%%
%%    CMap resource name is specified in the field ENCNAME.
%%
%% 3) [:INDEX:][!]FONTNAME[/CSI][,VARIANT]
%%
%%    Font name is specified in the field FONTNAME with or without
%%    extension. The field INDEX is used for TrueType collections (.ttc)
%%    to specify the font index number. The character `!' enables the
%%    no-embedding option. The /CSI option is required for TrueType fonts
%%    when Identity CMap is specified in the ENCNAME. The stylistic variants
%%    (Bold, Italic, BoldItalic) are specified in the filed VARIANT.
%%    See examples below.
%%
%% 4) [OPTIONS]
%%
%%    All options available in the original dvipdfm are also valid here.
%%    However, the slant option [-s number] is ignored for vertical mode,
%%    and the remap option [-r] is always ignored since it doesn't make
%%    sense for CID-keyed fonts.

%%
%% Omega Examples
%%

%% Chinese
%% Arphic TrueType fonts as Adobe-{CNS1,GB1} CID-keyed font.
ombkai UniCNS-UCS2-H bkai00mp -m <00>
ombsmi UniCNS-UCS2-H bsmi00lp -m <00>
omgkai UniGB-UCS2-H  gkai00mp -m <00>
omgbsn UniGB-UCS2-H  gbsn00lp -m <00>
%% or use UCS-2 if you like it.
%ombkai Identity-H  bkai00mp/UCS -m <00>
%ombsmi Identity-H  bsmi00lp/UCS -m <00>
%omgkai Identity-H  gkai00mp/UCS -m <00>
%omgbsn Identity-H  gbsn00lp/UCS -m <00>

%% M? Gl?b?l IME L?ng?age P?c?s
%% DynaLab Inc.
omming Identity-H mingliu/UCS -m <00>
%% ZHUHAI Stone Computerized typesetting system R&D LTD. 
omhei  Identity-H mshei/UCS   -m <00>
omsong Identity-H mssong/UCS  -m <00>

%% Japanese
%% Adobe-Japan1
omrml  UniJIS-UCS2-H Ryumin-Light     -m <00>
omgbm  UniJIS-UCS2-H GothicBBB-Medium -m <00>
%% or UCS-2
%% MS/Ricoh/Ryobi Imagics
omminl Identity-H    msmincho/UCS     -m <00>
omgotm Identity-H    msgothic/UCS     -m <00>

%% Korean
%omgtm  UniKS-UCS2-H  HYGoThic-Medium -m <00>
%ombtr  UniKS-UCS2-H  batang          -m <00>

%% Gentium family
%omgnr Identity-H GenR101/UCS  -m <00>
%omgni Identity-H GenI101/UCS  -m <00>
%omgar Identity-H GenAR101/UCS -m <00>
%omgai Identity-H GenAI101/UCS -m <00>

%%
%% ASCII pTeX Examples
%%

%% Ryumin and GothicBBB found in PostScript printers:
rml  H Ryumin-Light
gbm  H GothicBBB-Medium
rmlv V Ryumin-Light
gbmv V GothicBBB-Medium

%ryumin-l    H Ryumin-Light
%gtbbb-m     H GothicBBB-Medium
%futomin-b   H Ryumin-Light,Bold
%futogo-b    H GothicBBB-Medium,Bold
%ryumin-l-v  V Ryumin-Light
%gtbbb-m-v   V GothicBBB-Medium
%futomin-b-v V Ryumin-Light,Bold
%futogo-b-v  V GothicBBB-Medium,Bold

%% OpenType version sold by Morisawa:
%rml  H RyuminPro-Light
%gbm  H GothicBBBPro-Medium
%rmlv V RyuminPro-Light
%gbmv V GothicBBBPro-Medium

%%  Kozuka-Mincho/Gothic family sold by Adobe:
%kzmr  H KozMinPro-Regular
%kzgm  H KozGoPro-Medium
%kzmrv V KozMinPro-Regular
%kzgmv V KozGoPro-Medium

%% MS Mincho/Gothic family
%msmin H msmincho
%msgot H msgothic

%% MS-Mincho with proportional latin and kana:
%msminp H :1:msmincho

%% Hojo-Kanji (JIS X 0212-1990): Adobe-Japan2
%hmin  Hojo-H msmincho
%hminv Hojo-V msmincho

%%
%% CJK-LaTeX/HLaTeX Examples
%%

%% Arphic Public Licence fonts:
%%  AR PL KaitiM, AR PL Mingti2L, AR PL SungtiL

bsmi@Big5@  ETen-B5-H  bsmi00lp
bkai@Big5@  ETen-B5-H  bkai00mp
gbsn@EUC@   GB-EUC-H   gbsn00lp
gkai@EUC@   GB-EUC-H   gkai00mp
bsmir@Big5@ ETen-B5-V  bsmi00lp
bkair@Big5@ ETen-B5-V  bkai00mp
gbsnr@EUC@  GB-EUC-V   gbsn00lp
gkair@EUC@  GB-EUC-V   gkai00mp

%bkai@UBig5@  Identity-H  bkai00mp/UCS -m <00>
%bsmi@UBig5@  Identity-H  bsmi00lp/UCS -m <00>
%gbsn@UGBK@   Identity-H  gbsn00lp/UCS -m <00>
%gkai@UGBK@   Identity-H  gkai00mp/UCS -m <00>

%% Korean MS-Windows fonts with stylistic variants
%jbtm@UKS@  UniKS-UCS2-H !batang
%jbtmo@UKS@ UniKS-UCS2-H !batang,Italic
%jbtb@UKS@  UniKS-UCS2-H !batang,Bold
%jbtbo@UKS@ UniKS-UCS2-H !batang,BoldItalic

%% Baekmuk fonts (used with HLaTeX package)
%bbtm@KS-HLaTeX@   KSCms-UHC-H  batang
%bbtmo@UKS-HLaTeX@ UniKS-UCS2-H batang -s .167

%% Heisei family of Acrobat Asian Font Packs:
%mincho@UJIS@ UniJIS-UCS2-H HeiseiMin-W3-Acro
%gothic@UJIS@ UniJIS-UCS2-H HeiseiKakuGo-W5-Acro

%% Bitstream Cyberbit
%% Available at:
%%  http://ftp.netscape.com/pub/communicator/extras/fonts/windows/ReadMe.htm

cyberb@Unicode@ Identity-H cyberbit/UCS

%%
%% Other Examples
%%

% Monotype TimesNewRoman as CID-keyed fonts (TFM)
%mtmr8r  TeX-Base1 times/UCS
%mtmri8r TeX-Base1 timesi/UCS
%mtmb8r  TeX-Base1 timesbd/UCS
%mtmbi8r TeX-Base1 timesbi/UCS
%mtmr    TeX-OT1 times/UCS
%mtmmi   TeX-MathItalic timesi/UCS

